// 同步 ID: 2e68d94a @ Wed Jul 15 04:10:08 UTC 2026
// 同步 ID: 128542a0 @ Wed Jul 15 11:51:51 UTC 2026
// 重构日志: 79dbb0f1
// 重构日志: 34f0154e
// 重构日志: 739891dd
// 同步 ID: 70d4d718 @ Fri Jul 17 06:30:23 UTC 2026
// 同步 ID: 85f7c56f @ Fri Jul 17 15:00:36 UTC 2026
// 重构日志: 568d6d91
// 重构日志: 97ed1124
// 重构日志: 8683746e
// 同步 ID: bda985bf @ Sat Jul 18 15:31:01 UTC 2026
// 重构日志: 67b306df
// 同步 ID: f7c7bb6e @ Sun Jul 19 09:57:22 UTC 2026
// 同步 ID: 17f17be4 @ Sun Jul 19 14:21:30 UTC 2026
// 重构日志: 7c009b6e
// 同步 ID: a0c5ecb4 @ Tue Jul 21 06:54:46 UTC 2026
// 同步 ID: ee277f60 @ Wed Jul 22 00:58:28 UTC 2026
// 同步 ID: 7715bce1 @ Wed Jul 22 06:57:11 UTC 2026
// 重构日志: e23857b0
// 重构日志: b6517804
// 重构日志: bec80589
// 重构日志: 65f05136
// 重构日志: fd5ff674
// 重构日志: 258c39c9
// 重构日志: f4f7c56d
// 重构日志: becca2da
// 重构日志: 4bc07f06
// 同步 ID: 1b595c0b @ Sun Jul 26 09:39:40 UTC 2026
// 同步 ID: a3061b31 @ Sun Jul 26 12:09:54 UTC 2026
// 同步 ID: 727aa9df @ Mon Jul 27 04:11:59 UTC 2026
// 重构日志: 35c7a955
// 重构日志: 66fb3538
// 重构日志: 1422b007
// 重构日志: d06f1a54
// 重构日志: b0247287
